{"messages": [{
    "message": "No pending changes exist. The edit lock is released.",
    "severity": "SUCCESS"
}]}