{"messages": [{
    "message": "Failed to activate the changes.",
    "severity": "FAILURE"
}]}