{"messages": [{
    "message": "Started edit session, please be sure to save and activate your changes once you are done.",
    "severity": "SUCCESS"
}]}