{"messages": [{
    "message": "'BasicApp' was not found.",
    "severity": "FAILURE"
}]}