{
    "messages": [{
        "message": "Undeployed the library 'airline'.",
        "severity": "SUCCESS"
    }],
    "links": [{
        "rel": "job",
        "uri": "https:\/\/wls-itdbims01-dev-admin.cern.ch:21111\/management\/wls\/latest\/jobs\/deployment\/id\/29"
    }],
    "item": {
        "targets": [{
            "status": "completed",
            "errors": [],
            "name": "devITDBIMS01_A_1",
            "type": "server"
        }],
        "beginTime": 1439561696029,
        "endTime": 1439561696237,
        "status": "completed",
        "deploymentName": "airline",
        "operation": "remove",
        "description": "[Deployer:149117]remove library airline on devITDBIMS01_A_1.",
        "name": "ADTR-29",
        "id": "29",
        "type": "deployment"
    }
}