{"messages": [{
    "message": "'airline' was not found.",
    "severity": "FAILURE"
}]}