{"messages": [{
    "message": "[Deployer:149165]Invalid target specified.",
    "severity": "FAILURE"
}]}