{
    "messages": [{
        "message": "Restarted the server 'devITDBIMS01_A_1'.",
        "severity": "SUCCESS"
    }],
    "links": [{
        "rel": "job",
        "uri": "https:\/\/wls-itdbims01-dev-admin.cern.ch:21111\/management\/wls\/latest\/jobs\/server\/id\/devITDBIMS01_A_1:_5_start"
    }],
    "item": {
        "beginTime": 1439558710264,
        "endTime": 1439558734946,
        "status": "completed",
        "operation": "start",
        "description": "Starting devITDBIMS01_A_1 server ...",
        "serverName": "devITDBIMS01_A_1",
        "name": "_5_start",
        "id": "devITDBIMS01_A_1:_5_start",
        "type": "server"
    }
}