{"messages": [{
    "message": "Edit session has been cancelled successfully.",
    "severity": "SUCCESS"
}]}