{
    "messages": [{
        "message": "Updated the application 't4'.",
        "severity": "SUCCESS"
    }],
    "links": [{
        "rel": "job",
        "uri": "https:\/\/wls-itdbims01-dev-admin.cern.ch:21111\/management\/wls\/latest\/jobs\/deployment\/id\/13"
    }],
    "item": {
        "targets": [{
            "status": "completed",
            "errors": [],
            "name": "AdminServer",
            "type": "server"
        }],
        "beginTime": 1439560753749,
        "endTime": 1439560753976,
        "status": "completed",
        "deploymentName": "t4",
        "operation": "update",
        "description": "[Deployer:149026]update application t4 on AdminServer.",
        "name": "ADTR-13",
        "id": "13",
        "type": "deployment"
    }
}