{
    "links": [{
        "rel": "parent",
        "uri": "https:\/\/wls-itdbims01-dev-admin.cern.ch:21111\/management\/wls\/latest\/servers\/id\/devITDBIMS01_A_1\/logs"
    }],
    "items": []
}